
> mrbmc@1.0.0 build
> gulp build --verbose --prod --verbose

[16:21:16] Using gulpfile ~/Sites/mrbmc/gulpfile.js
[16:21:16] Starting 'build'...
[16:21:16] Starting 'transpileJS'...
Uglified /Users/brian.mcconnell/Sites/mrbmc/src/assets/js/about.js
Uglified /Users/brian.mcconnell/Sites/mrbmc/src/assets/js/base.js
Uglified /Users/brian.mcconnell/Sites/mrbmc/src/assets/js/blog.js
Uglified /Users/brian.mcconnell/Sites/mrbmc/src/assets/js/blogpost.js
Uglified /Users/brian.mcconnell/Sites/mrbmc/src/assets/js/crane.js
Uglified /Users/brian.mcconnell/Sites/mrbmc/src/assets/js/exdbubbles.js
Uglified /Users/brian.mcconnell/Sites/mrbmc/src/assets/js/exdmap.js
Uglified /Users/brian.mcconnell/Sites/mrbmc/src/assets/js/home.js
Uglified /Users/brian.mcconnell/Sites/mrbmc/src/assets/js/login.js
Uglified /Users/brian.mcconnell/Sites/mrbmc/src/assets/js/molf.js
Uglified /Users/brian.mcconnell/Sites/mrbmc/src/assets/js/photos.js
Uglified /Users/brian.mcconnell/Sites/mrbmc/src/assets/js/portfolio.js
Uglified /Users/brian.mcconnell/Sites/mrbmc/src/assets/js/gaia/airflow.js
Uglified /Users/brian.mcconnell/Sites/mrbmc/src/assets/js/gaia/boids-three.js
Uglified /Users/brian.mcconnell/Sites/mrbmc/src/assets/js/gaia/boids.js
Uglified /Users/brian.mcconnell/Sites/mrbmc/src/assets/js/gaia/boidsgl.js
Uglified /Users/brian.mcconnell/Sites/mrbmc/src/assets/js/gaia/contrails.js
Uglified /Users/brian.mcconnell/Sites/mrbmc/src/assets/js/gaia/getLayer.js
Uglified /Users/brian.mcconnell/Sites/mrbmc/src/assets/js/gaia/getParticleSystem.js
Uglified /Users/brian.mcconnell/Sites/mrbmc/src/assets/js/gaia/life.js
Uglified /Users/brian.mcconnell/Sites/mrbmc/src/assets/js/gaia/pixi.js
Uglified /Users/brian.mcconnell/Sites/mrbmc/src/assets/js/gaia/positionBuffer.js
Uglified /Users/brian.mcconnell/Sites/mrbmc/src/assets/js/gaia/quadtree.js
Uglified /Users/brian.mcconnell/Sites/mrbmc/src/assets/js/gaia/smoke.js
Uglified /Users/brian.mcconnell/Sites/mrbmc/src/assets/js/gaia/sparky.js
Uglified /Users/brian.mcconnell/Sites/mrbmc/src/assets/js/gaia/webgl.js
Uglified /Users/brian.mcconnell/Sites/mrbmc/src/assets/js/gaia/wind.js
Uglified /Users/brian.mcconnell/Sites/mrbmc/src/assets/js/modules/11ty-filters.mjs
Uglified /Users/brian.mcconnell/Sites/mrbmc/src/assets/js/modules/crane-geometry.mjs
Uglified /Users/brian.mcconnell/Sites/mrbmc/src/assets/js/modules/crane-lighting.mjs
Uglified /Users/brian.mcconnell/Sites/mrbmc/src/assets/js/modules/crane-material.mjs
Uglified /Users/brian.mcconnell/Sites/mrbmc/src/assets/js/modules/crane-scene.mjs
Uglified /Users/brian.mcconnell/Sites/mrbmc/src/assets/js/modules/critters.mjs
Uglified /Users/brian.mcconnell/Sites/mrbmc/src/assets/js/modules/dom_utils.mjs
Uglified /Users/brian.mcconnell/Sites/mrbmc/src/assets/js/modules/ga.mjs
Uglified /Users/brian.mcconnell/Sites/mrbmc/src/assets/js/modules/gallery-inline.mjs
Uglified /Users/brian.mcconnell/Sites/mrbmc/src/assets/js/modules/lightbox.mjs
Uglified /Users/brian.mcconnell/Sites/mrbmc/src/assets/js/modules/molf-boids.mjs
Uglified /Users/brian.mcconnell/Sites/mrbmc/src/assets/js/modules/parallax.mjs
Uglified /Users/brian.mcconnell/Sites/mrbmc/src/assets/js/modules/portfolioAuthCheck.mjs
Uglified /Users/brian.mcconnell/Sites/mrbmc/src/assets/js/modules/portfolioRequestOTP.mjs
Uglified /Users/brian.mcconnell/Sites/mrbmc/src/assets/js/modules/portfolioVerifyLink.mjs
Uglified /Users/brian.mcconnell/Sites/mrbmc/src/assets/js/modules/portfolioVerifyOTP.mjs
Uglified /Users/brian.mcconnell/Sites/mrbmc/src/assets/js/modules/sticky-nav.mjs
Uglified /Users/brian.mcconnell/Sites/mrbmc/src/assets/js/modules/stripe-gradient.mjs
[16:21:17] Finished 'transpileJS' after 292 ms
[16:21:17] Starting 'bundleJS'...
Built www/js/home.bundle.js
Built www/js/photos.bundle.js
Built www/js/login.bundle.js
Built www/js/base.bundle.js
Built www/js/portfolio.bundle.js
Built www/js/blogpost.bundle.js
Built www/js/about.bundle.js
Built www/js/crane.bundle.js
[16:21:18] Finished 'bundleJS' after 1.33 s
[16:21:18] Starting 'transpileCSS'...
Minified /Users/brian.mcconnell/Sites/mrbmc/src/assets/scss/gaia.css
Minified /Users/brian.mcconnell/Sites/mrbmc/src/assets/scss/print.css
Minified /Users/brian.mcconnell/Sites/mrbmc/src/assets/scss/screen.css
Minified /Users/brian.mcconnell/Sites/mrbmc/src/assets/scss/pages/about.css
Minified /Users/brian.mcconnell/Sites/mrbmc/src/assets/scss/pages/blog.css
Minified /Users/brian.mcconnell/Sites/mrbmc/src/assets/scss/pages/colophon.css
Minified /Users/brian.mcconnell/Sites/mrbmc/src/assets/scss/pages/home.css
Minified /Users/brian.mcconnell/Sites/mrbmc/src/assets/scss/pages/login.css
Minified /Users/brian.mcconnell/Sites/mrbmc/src/assets/scss/pages/photos.css
Minified /Users/brian.mcconnell/Sites/mrbmc/src/assets/scss/pages/portfolio.css
Minified /Users/brian.mcconnell/Sites/mrbmc/src/assets/scss/pages/post.css
Minified /Users/brian.mcconnell/Sites/mrbmc/src/assets/scss/pages/project.css
Minified /Users/brian.mcconnell/Sites/mrbmc/src/assets/scss/pages/resume.css
[16:21:18] Finished 'transpileCSS' after 321 ms
[16:21:18] Starting 'buildHTML'...
[11ty] Writing ./www/blog/rss.xml from ./src/rss.njk
[11ty] Writing ./www/sitemap.xml from ./src/sitemap.njk
[11ty] Writing ./www/critters/index.html from ./src/critters.html (liquid)
[11ty] Writing ./www/strava/index.html from ./src/strava.html (liquid)
[11ty] Writing ./www/gaia/boids-three/index.html from ./src/gaia/boids-three.html (liquid)
[11ty] Writing ./www/gaia/boids-webgl/index.html from ./src/gaia/boids-webgl.html (liquid)
[11ty] Writing ./www/gaia/contrails/index.html from ./src/gaia/contrails.html (liquid)
[11ty] Writing ./www/gaia/wind/index.html from ./src/gaia/wind.html (liquid)
[11ty] Writing ./www/gaia/airflow/index.html from ./src/gaia/airflow.html (liquid)
[11ty] Writing ./www/gaia/boids/index.html from ./src/gaia/boids.html (liquid)
[11ty] Writing ./www/gaia/life/index.html from ./src/gaia/life.html (liquid)
[11ty] Writing ./www/gaia/mesh-gradient/index.html from ./src/gaia/mesh-gradient.html (liquid)
[11ty] Writing ./www/gaia/pixi/index.html from ./src/gaia/pixi.html (liquid)
[11ty] Writing ./www/gaia/smoke/index.html from ./src/gaia/smoke.html (liquid)
[11ty] Writing ./www/gaia/index.html from ./src/gaia/index.md (liquid)
[11ty] Writing ./www/crane/index.html from ./src/crane.md (liquid)
[11ty/eleventy-img] Processing ./src/images/portfolio/disney-growth/disney-growth-thumb.jpg (transform)
[11ty/eleventy-img] Processing ./src/images/portfolio/disney-enterprise/optumus-mockup.jpg (transform)
[11ty/eleventy-img] Processing ./src/images/portfolio/espn/espn-thumbnail-1x1.png (transform)
[11ty/eleventy-img] Processing ./src/images/portfolio/disney-groupwatch/disney-groupwatch-preview.jpg (transform)
[11ty/eleventy-img] Processing ./src/images/portfolio/nhl/nhl-thumbnail.png (transform)
[11ty/eleventy-img] Processing ./src/images/portfolio/btr/btr-hosttools-teaser-2x1.jpg (transform)
[11ty] Writing ./www/index.html from ./src/index.md (liquid)
[11ty/eleventy-img] Processing ./src/images/profile/mrbmc-20241121.jpeg (transform)
[11ty] Writing ./www/404.html from ./src/404.md (liquid)
[11ty] Writing ./www/colophon/index.html from ./src/colophon.md (liquid)
[11ty/eleventy-img] Processing ./src/images/blog/pan-chocolat-lineup.jpeg (transform)
[11ty/eleventy-img] Processing ./src/images/blog/gapco-continental-divide.JPG (transform)
[11ty/eleventy-img] Processing ./src/images/blog/vt-tour.jpg (transform)
[11ty/eleventy-img] Processing ./src/images/blog/blacklightning-1990.jpg (transform)
[11ty/eleventy-img] Processing ./src/images/blog/solar-system.jpg (transform)
[11ty/eleventy-img] Processing ./src/images/blog/winter-olympics.jpg (transform)
[11ty/eleventy-img] Processing ./src/images/blog/bg-dades-valley.jpg (transform)
[11ty/eleventy-img] Processing ./src/images/blog/justice.jpeg (transform)
[11ty/eleventy-img] Processing ./src/images/blog/World_Cup_2014_06.jpeg (transform)
[11ty/eleventy-img] Processing ./src/images/blog/nyc-cycling.jpg (transform)
[11ty/eleventy-img] Processing ./src/images/blog/mobius.png (transform)
[11ty/eleventy-img] Processing ./src/images/blog/newton.png (transform)
[11ty/eleventy-img] Processing ./src/images/portfolio/disney-enterprise/optumus-mockup.jpg (transform)
[11ty] Writing ./www/error.html from ./src/error.md (liquid)
[11ty] Writing ./www/login/index.html from ./src/login.html (liquid)
[11ty] Writing ./www/privacy/index.html from ./src/privacy.md (liquid)
[11ty] Writing ./www/resume/index.html from ./src/cv.md (liquid)
[11ty] Writing ./www/gaia/three/index.html from ./src/gaia/three.html (liquid)
[11ty] Writing ./www/blog/high-performing-design-teams/index.html from ./src/posts/high-performing-design-teams.md (liquid)
[11ty] Writing ./www/blog/consumer-design-for-enterprise/index.html from ./src/posts/consumer-design-for-enterprise.md (liquid)
[11ty] Writing ./www/blog/the-decorators-dilemma/index.html from ./src/posts/the-decorators-dilemma.md (liquid)
[11ty] Writing ./www/blog/ui-design-explained/index.html from ./src/posts/ui-design-explained.md (liquid)
[11ty] Writing ./www/blog/design-quality/index.html from ./src/posts/design-quality.md (liquid)
[11ty] Writing ./www/blog/Book Review - Worn/index.html from ./src/posts/Book Review - Worn.md (liquid)
[11ty] Writing ./www/blog/power-to-the-makers/index.html from ./src/posts/power-to-the-makers.md (liquid)
[11ty/eleventy-img] Processing ./src/images/portfolio/disney-enterprise/exd-team-linda.png (transform)
[11ty] Writing ./www/links/index.html from ./src/links.md (liquid)
[11ty] Writing ./www/about/index.html from ./src/about.md (liquid)
[11ty] Writing ./www/blog/usability-testing-tv-apps/index.html from ./src/posts/usability-testing-tv-apps.md (liquid)
[11ty] Writing ./www/blog/technical-design/index.html from ./src/posts/technical-design.md (liquid)
[11ty/eleventy-img] Processing ./src/images/portfolio/disney-enterprise/exd-team-caroline.png (transform)
[11ty/eleventy-img] Processing ./src/images/portfolio/disney-enterprise/exd-team-dan.png (transform)
[11ty/eleventy-img] Processing ./src/images/portfolio/disney-enterprise/exd-team-alexaf.png (transform)
[11ty/eleventy-img] Processing ./src/images/portfolio/disney-enterprise/exd-team-daria.png (transform)
[11ty/eleventy-img] Processing ./src/images/portfolio/disney-enterprise/exd-team-takeem.png (transform)
[11ty/eleventy-img] Processing ./src/images/portfolio/disney-enterprise/exd-team-alexac.png (transform)
[11ty/eleventy-img] Processing ./src/images/portfolio/disney-enterprise/exd-team-jenny.png (transform)
[11ty/eleventy-img] Processing ./src/images/portfolio/disney-enterprise/exd-team-willet.png (transform)
[11ty/eleventy-img] Processing ./src/images/portfolio/disney-enterprise/exd-team-sarah.png (transform)
[11ty/eleventy-img] Processing ./src/images/portfolio/disney-enterprise/exd-team-kda.png (transform)
[11ty/eleventy-img] Processing ./src/images/portfolio/disney-enterprise/exd-team-cathy.png (transform)
[11ty/eleventy-img] Processing ./src/images/portfolio/disney-enterprise/exd-team-carol.png (transform)
[11ty] Writing ./www/blog/index.html from ./src/blog.md (liquid)
[11ty] Writing ./www/tags/post/index.html from ./src/tags.md (liquid)
[11ty/eleventy-img] Processing ./src/images/portfolio/disney-enterprise/exd-team-jon.png (transform)
[11ty] Writing ./www/blog/software-is-hard/index.html from ./src/posts/software-is-hard.md (liquid)
[11ty] Writing ./www/blog/big-data-causes-night-blindness/index.html from ./src/posts/big-data-causes-night-blindness.md (liquid)
[11ty] Writing ./www/blog/vibe-coding-is-not-design/index.html from ./src/posts/vibe-coding-is-not-design.md (liquid)
[11ty] Writing ./www/blog/growth-design-idioms/index.html from ./src/posts/growth-design-idioms.md (liquid)
[11ty/eleventy-img] Processing ./src/images/portfolio/disney-enterprise/exd-team-agency.png (transform)
[11ty/eleventy-img] Processing ./src/images/portfolio/disney-enterprise/EXD-Golden-Circle.png (transform)
[11ty/eleventy-img] Processing ./src/images/portfolio/disney-enterprise/exd-deck-pods.png (transform)
[11ty/eleventy-img] Processing ./src/images/portfolio/disney-enterprise/exd-deck-engagement.png (transform)
[11ty/eleventy-img] Processing ./src/images/portfolio/disney-enterprise/oracle-forms.png (transform)
[11ty/eleventy-img] Processing ./src/images/portfolio/disney-enterprise/props-list.jpg (transform)
[11ty/eleventy-img] Processing ./src/images/portfolio/disney-enterprise/genie-campaign.png (transform)
[11ty/eleventy-img] Processing ./src/images/portfolio/disney-enterprise/genie-offers.jpg (transform)
[11ty/eleventy-img] Processing ./src/images/portfolio/disney-enterprise/baymax-customer.jpg (transform)
[11ty/eleventy-img] Processing ./src/images/portfolio/disney-enterprise/baymax-search_results.png (transform)
[11ty/eleventy-img] Processing ./src/images/portfolio/disney-enterprise/baymax-cancel.png (transform)
[11ty/eleventy-img] Processing ./src/images/portfolio/disney-enterprise/galaxy-localization-1.png (transform)
[11ty/eleventy-img] Processing ./src/images/portfolio/disney-enterprise/galaxy-v1.png (transform)
[11ty/eleventy-img] Processing ./src/images/portfolio/disney-enterprise/galaxy-push.png (transform)
[11ty/eleventy-img] Processing ./src/images/portfolio/disney-enterprise/disney-content-strategy.jpg (transform)
[11ty/eleventy-img] Processing ./src/images/portfolio/disney-enterprise/polaris-search.png (transform)
[11ty/eleventy-img] Processing ./src/images/portfolio/disney-enterprise/polaris-set-pcs.png (transform)
[11ty/eleventy-img] Processing ./src/images/portfolio/disney-enterprise/polaris-visualbrowse.png (transform)
[11ty/eleventy-img] Processing ./src/images/portfolio/disney-enterprise/polaris-collection.png (transform)
[11ty/eleventy-img] Processing ./src/images/portfolio/disney-enterprise/polaris-edit_cta.png (transform)
[11ty/eleventy-img] Processing ./src/images/portfolio/disney-enterprise/polaris-browse.jpg (transform)
[11ty/eleventy-img] Processing ./src/images/portfolio/disney-enterprise/cypher-dictionary.png (transform)
[11ty/eleventy-img] Processing ./src/images/portfolio/disney-enterprise/cypher-keys.png (transform)
[11ty/eleventy-img] Processing ./src/images/portfolio/disney-enterprise/optumus-session.png (transform)
[11ty/eleventy-img] Processing ./src/images/portfolio/disney-enterprise/optumus-dashboard.png (transform)
[11ty/eleventy-img] Processing ./src/images/portfolio/disney-enterprise/optumus-spotlight.png (transform)
[11ty/eleventy-img] Processing ./src/images/portfolio/disney-enterprise/weaponx-dashboard.jpg (transform)
[11ty/eleventy-img] Processing ./src/images/portfolio/disney-enterprise/weaponx.png (transform)
[11ty/eleventy-img] Processing ./src/images/portfolio/disney-enterprise/dataportal.png (transform)
[11ty/eleventy-img] Processing ./src/images/portfolio/disney-enterprise/exd-design-system-overview.jpg (transform)
[11ty/eleventy-img] Processing ./src/images/portfolio/disney-enterprise/trek-colors.jpg (transform)
[11ty/eleventy-img] Processing ./src/images/portfolio/disney-enterprise/trek-type.jpg (transform)
[11ty/eleventy-img] Processing ./src/images/portfolio/disney-enterprise/trek-inputs.jpg (transform)
[11ty/eleventy-img] Processing ./src/images/portfolio/disney-enterprise/trek-navigation.jpg (transform)
[11ty/eleventy-img] Processing ./src/images/portfolio/disney-enterprise/trek-buttons.jpg (transform)
[11ty/eleventy-img] Processing ./src/images/portfolio/disney-enterprise/new/commerce-offers-list.png (transform)
[11ty/eleventy-img] Processing ./src/images/portfolio/disney-enterprise/new/commerce-offer-detail.png (transform)
[11ty/eleventy-img] Processing ./src/images/portfolio/disney-enterprise/new/sisu-customer-details.png (transform)
[11ty/eleventy-img] Processing ./src/images/portfolio/disney-enterprise/new/messaging-new-email.png (transform)
[11ty/eleventy-img] Processing ./src/images/portfolio/disney-enterprise/new/cypher-dictionary.png (transform)
[11ty] Writing ./www/portfolio/optumus/index.html from ./src/projects/optumus.md (liquid)
[11ty/eleventy-img] Processing ./src/images/portfolio/disney-enterprise/new/cypher-edit-key.png (transform)
[11ty] Writing ./www/portfolio/boids/index.html from ./src/projects/boids.md (liquid)
[11ty/eleventy-img] Processing ./src/images/portfolio/disney-enterprise/new/content-portal-entities-episode.png (transform)
[11ty/eleventy-img] Processing ./src/images/portfolio/disney-enterprise/new/content-portal-programming-episode.png (transform)
[11ty/eleventy-img] Processing ./src/images/portfolio/disney-enterprise/new/knowsmore.png (transform)
[11ty/eleventy-img] Processing ./src/images/portfolio/disney-enterprise/new/qos-spotlight.png (transform)
[11ty/eleventy-img] Processing ./src/images/portfolio/disney-enterprise/new/qos-workbench.png (transform)
[11ty/eleventy-img] Processing ./src/images/portfolio/disney-enterprise/new/experiments-results.png (transform)
[11ty/eleventy-img] Processing ./src/images/portfolio/disney-enterprise/new/experiment-detail.png (transform)
[11ty/eleventy-img] Processing ./src/images/portfolio/disney-enterprise/new/ads-mission-control-scheduling.png (transform)
[11ty/eleventy-img] Processing ./src/images/portfolio/disney-enterprise/new/dev-portal.png (transform)
[11ty/eleventy-img] Processing ./src/images/gallery/h-2006_Paris_118.jpg (transform)
[11ty/eleventy-img] Processing ./src/images/gallery/h-2007_4952954758_a75d2f14e1_o.jpg (transform)
[11ty/eleventy-img] Processing ./src/images/gallery/h-2008_16980591764_9b7c0021ed_o.jpg (transform)
[11ty/eleventy-img] Processing ./src/images/gallery/h-2008_17600754872_fbeea6e8cb_o.jpg (transform)
[11ty/eleventy-img] Processing ./src/images/gallery/h-2008_4952969684_44e95b8651_o.jpg (transform)
[11ty/eleventy-img] Processing ./src/images/gallery/h-2008_8813926776_1b58ce6dc4_o.jpg (transform)
[11ty/eleventy-img] Processing ./src/images/gallery/h-2010_5705012090_024da42a4a_o.jpg (transform)
[11ty/eleventy-img] Processing ./src/images/gallery/h-2012_16980614044_45f2aa24f1_o.jpg (transform)
[11ty/eleventy-img] Processing ./src/images/gallery/h-2012_7223164048_042d3d3015_o.jpg (transform)
[11ty/eleventy-img] Processing ./src/images/gallery/h-2015_17576781256_7ec8b6b52f_o.jpg (transform)
[11ty/eleventy-img] Processing ./src/images/gallery/p-2012_8803203491_41e70bd0b4_o.jpg (transform)
[11ty/eleventy-img] Processing ./src/images/gallery/s-2007_4952363743_4b04abf55f_o.jpg (transform)
[11ty/eleventy-img] Processing ./src/images/gallery/s-2007_4952369121_f43d20edef_o.jpg (transform)
[11ty/eleventy-img] Processing ./src/images/gallery/t-2007_4952957826_62e1f47def_o.jpg (transform)
[11ty] Writing ./www/portfolio/disney-enterprise/index.html from ./src/projects/disney-enterprise.md (liquid)
[11ty/eleventy-img] Processing ./src/images/gallery/t-2008_4952965132_9760b87659_o.jpg (transform)
[11ty/eleventy-img] Processing ./src/images/gallery/t-2012_17576830576_e7d64d05a0_o.jpg (transform)
[11ty/eleventy-img] Processing ./src/images/gallery/t-2012_17600819772_671d18e7b5_o.jpg (transform)
[11ty/eleventy-img] Processing ./src/images/gallery/t-2012_17603151861_e5d7ef68b5_o.jpg (transform)
[11ty/eleventy-img] Processing ./src/images/gallery/thumbs/h-2006_Paris_118.jpg (transform)
[11ty/eleventy-img] Processing ./src/images/gallery/thumbs/h-2007_4952954758_a75d2f14e1_o.jpg (transform)
[11ty/eleventy-img] Processing ./src/images/gallery/thumbs/h-2008_16980591764_9b7c0021ed_o.jpg (transform)
[11ty/eleventy-img] Processing ./src/images/gallery/thumbs/h-2008_17600754872_fbeea6e8cb_o.jpg (transform)
[11ty/eleventy-img] Processing ./src/images/gallery/thumbs/h-2008_4952969684_44e95b8651_o.jpg (transform)
[11ty/eleventy-img] Processing ./src/images/gallery/thumbs/h-2008_8813926776_1b58ce6dc4_o.jpg (transform)
[11ty/eleventy-img] Processing ./src/images/gallery/thumbs/h-2010_5705012090_024da42a4a_o.jpg (transform)
[11ty/eleventy-img] Processing ./src/images/gallery/thumbs/h-2012_16980614044_45f2aa24f1_o.jpg (transform)
[11ty/eleventy-img] Processing ./src/images/gallery/thumbs/h-2012_7223164048_042d3d3015_o.jpg (transform)
[11ty/eleventy-img] Processing ./src/images/gallery/thumbs/h-2015_17576781256_7ec8b6b52f_o.jpg (transform)
[11ty/eleventy-img] Processing ./src/images/gallery/thumbs/p-2012_8803203491_41e70bd0b4_o.jpg (transform)
[11ty/eleventy-img] Processing ./src/images/gallery/thumbs/s-2007_4952363743_4b04abf55f_o.jpg (transform)
[11ty/eleventy-img] Processing ./src/images/gallery/thumbs/s-2007_4952369121_f43d20edef_o.jpg (transform)
[11ty/eleventy-img] Processing ./src/images/gallery/thumbs/t-2007_4952957826_62e1f47def_o.jpg (transform)
[11ty/eleventy-img] Processing ./src/images/gallery/thumbs/t-2008_4952965132_9760b87659_o.jpg (transform)
[11ty/eleventy-img] Processing ./src/images/gallery/thumbs/t-2012_17576830576_e7d64d05a0_o.jpg (transform)
[11ty/eleventy-img] Processing ./src/images/gallery/thumbs/t-2012_17600819772_671d18e7b5_o.jpg (transform)
[11ty/eleventy-img] Processing ./src/images/gallery/thumbs/t-2012_17603151861_e5d7ef68b5_o.jpg (transform)
[11ty/eleventy-img] Processing ./src/images/portfolio/disney-growth/disney-growth-thumb.jpg (transform)
[11ty/eleventy-img] Processing ./src/images/portfolio/espn/espn-thumbnail-1x1.png (transform)
[11ty/eleventy-img] Processing ./src/images/portfolio/disney-groupwatch/disney-groupwatch-preview.jpg (transform)
[11ty/eleventy-img] Processing ./src/images/portfolio/nhl/nhl-thumbnail.png (transform)
[11ty/eleventy-img] Processing ./src/images/portfolio/btr/btr-hosttools-teaser-2x1.jpg (transform)
[11ty/eleventy-img] Processing ./src/images/portfolio/eurosport/eurosport-thumb-1x1.png (transform)
[11ty/eleventy-img] Processing ./src/images/portfolio/flint-and-silicon-thumb.jpg (transform)
[11ty/eleventy-img] Processing ./src/images/portfolio/culture-workshop/culture-workshop.001.jpeg (transform)
[11ty/eleventy-img] Processing ./src/images/portfolio/prototyping-talk/bamtech-prototyping-thumb.jpg (transform)
[11ty/eleventy-img] Processing ./src/images/portfolio/fusion-family-feast.jpeg (transform)
[11ty/eleventy-img] Processing ./src/images/portfolio/steelgills/steelgills-thumb.jpg (transform)
[11ty/eleventy-img] Processing ./src/images/portfolio/pal-9100/PAL9100-tablet.jpg (transform)
[11ty/eleventy-img] Processing ./src/images/portfolio/gaia/boids-thumb.png (transform)
[11ty/eleventy-img] Processing ./src/images/portfolio/disney-growth/disney-growth-device-cluster.png (transform)
[11ty] Writing ./www/photos/index.html from ./src/photos.md (liquid)
[11ty/eleventy-img] Processing ./src/images/portfolio/disney-growth/disney-synergy-chart.jpg (transform)
[11ty/eleventy-img] Processing ./src/images/portfolio/disney-growth/mlbam-clients-grayscale.png (transform)
[11ty/eleventy-img] Processing ./src/images/portfolio/disney-growth/espn-web-anon-flow.jpg (transform)
[11ty/eleventy-img] Processing ./src/images/portfolio/disney-growth/espn-ott-known-flow.jpg (transform)
[11ty/eleventy-img] Processing ./src/images/portfolio/disney-growth/espn-mobile-known-flow.jpg (transform)
[11ty/eleventy-img] Processing ./src/images/portfolio/disney-growth/white-label.png (transform)
[11ty/eleventy-img] Processing ./src/images/portfolio/disney-growth/growth-team-start.png (transform)
[11ty/eleventy-img] Processing ./src/images/portfolio/disney-growth/pod-structure.png (transform)
[11ty/eleventy-img] Processing ./src/images/portfolio/disney-growth/pod-cadence.svg (transform)
[11ty/eleventy-img] Processing ./src/images/portfolio/disney-growth/growth-team-end.png (transform)
[11ty/eleventy-img] Processing ./src/images/portfolio/disney-growth/olp-v0.jpg (transform)
[11ty/eleventy-img] Processing ./src/images/portfolio/disney-growth/olp-v1.jpg (transform)
[11ty/eleventy-img] Processing ./src/images/portfolio/disney-growth/olp-v2.jpg (transform)
[11ty] Writing ./www/portfolio/index.html from ./src/portfolio.md (liquid)
[11ty/eleventy-img] Processing ./src/images/portfolio/disney-growth/olp-v3.jpg (transform)
[11ty/eleventy-img] Processing ./src/images/portfolio/disney-growth/olp-v4.jpg (transform)
[11ty/eleventy-img] Processing ./src/images/portfolio/disney-growth/Disney_SVOD_Product_Overview_Onboarding.032.jpeg (transform)
[11ty/eleventy-img] Processing ./src/images/portfolio/disney-growth/Disney_SVOD_Product_Overview_Onboarding.101.jpeg (transform)
[11ty/eleventy-img] Processing ./src/images/portfolio/disney-growth/signup-web-success-v1.jpeg (transform)
[11ty/eleventy-img] Processing ./src/images/portfolio/disney-growth/StarzSept06final.006.jpeg (transform)
[11ty/eleventy-img] Processing ./src/images/portfolio/disney-growth/signup-ps4-screen-1.png (transform)
[11ty/eleventy-img] Processing ./src/images/portfolio/disney-growth/signup-ps4-screen-2.png (transform)
[11ty/eleventy-img] Processing ./src/images/portfolio/disney-growth/signup-ps4-screen-3.png (transform)
[11ty/eleventy-img] Processing ./src/images/portfolio/disney-growth/signup-ps4-screen-4.png (transform)
[11ty/eleventy-img] Processing ./src/images/portfolio/disney-growth/signup-ps4-screen-5.png (transform)
[11ty/eleventy-img] Processing ./src/images/portfolio/disney-growth/signup-ps4-screen-6.png (transform)
[11ty/eleventy-img] Processing ./src/images/portfolio/disney-growth/signup-ps4-screen-7.png (transform)
[11ty/eleventy-img] Processing ./src/images/portfolio/disney-growth/signup-ps4-screen-8.png (transform)
[11ty/eleventy-img] Processing ./src/images/portfolio/disney-growth/signup-tvos-screen-1.png (transform)
[11ty/eleventy-img] Processing ./src/images/portfolio/disney-growth/signup-tvos-screen-2.png (transform)
[11ty/eleventy-img] Processing ./src/images/portfolio/disney-growth/signup-tvos-screen-3.png (transform)
[11ty/eleventy-img] Processing ./src/images/portfolio/disney-growth/signup-tvos-screen-4.png (transform)
[11ty/eleventy-img] Processing ./src/images/portfolio/disney-growth/signup-tvos-screen-5.png (transform)
[11ty/eleventy-img] Processing ./src/images/portfolio/disney-growth/signup-tvos-screen-6.png (transform)
[11ty/eleventy-img] Processing ./src/images/portfolio/disney-growth/signup-tvos-screen-7.png (transform)
[11ty/eleventy-img] Processing ./src/images/portfolio/disney-growth/signup-tvos-screen-8.png (transform)
[11ty/eleventy-img] Processing ./src/images/portfolio/disney-growth/signup-tvos-screen-9.png (transform)
[11ty/eleventy-img] Processing ./src/images/portfolio/disney-growth/signup-tvos-screen-10.png (transform)
[11ty/eleventy-img] Processing ./src/images/portfolio/disney-growth/signup-tvos-screen-11.png (transform)
[11ty/eleventy-img] Processing ./src/images/portfolio/disney-growth/tv-signup-1.jpg (transform)
[11ty/eleventy-img] Processing ./src/images/portfolio/disney-growth/tv-signup-2.jpg (transform)
[11ty/eleventy-img] Processing ./src/images/portfolio/disney-growth/tv-signup-3.jpg (transform)
[11ty/eleventy-img] Processing ./src/images/portfolio/disney-growth/tv-signup-4.jpg (transform)
[11ty/eleventy-img] Processing ./src/images/portfolio/disney-growth/tv-signup-5.jpg (transform)
[11ty/eleventy-img] Processing ./src/images/portfolio/disney-growth/tv-signup-6.jpg (transform)
[11ty/eleventy-img] Processing ./src/images/portfolio/disney-growth/tv-signup-7.jpg (transform)
[11ty/eleventy-img] Processing ./src/images/portfolio/disney-growth/tv-signup-live.jpg (transform)
[11ty/eleventy-img] Processing ./src/images/portfolio/disney-growth/mvpd-complexity.jpg (transform)
[11ty/eleventy-img] Processing ./src/images/portfolio/disney-growth/Disney+_B2B2C_OneSheet.jpg (transform)
[11ty/eleventy-img] Processing ./src/images/portfolio/disney-growth/redemption-0.jpg (transform)
[11ty/eleventy-img] Processing ./src/images/portfolio/disney-growth/redemption-1.jpg (transform)
[11ty/eleventy-img] Processing ./src/images/portfolio/disney-growth/redemption-2.png (transform)
[11ty/eleventy-img] Processing ./src/images/portfolio/disney-growth/redemption-3.png (transform)
[11ty/eleventy-img] Processing ./src/images/portfolio/disney-growth/disney+-signup-DE-step_0.jpg (transform)
[11ty/eleventy-img] Processing ./src/images/portfolio/disney-growth/disney+-signup-DE-step_1.png (transform)
[11ty/eleventy-img] Processing ./src/images/portfolio/disney-growth/disney+-signup-DE-step_2.png (transform)
[11ty/eleventy-img] Processing ./src/images/portfolio/disney-growth/disney+-signup-DE-step_3.png (transform)
[11ty/eleventy-img] Processing ./src/images/portfolio/disney-growth/disney+-signup-DE-step_4.png (transform)
[11ty/eleventy-img] Processing ./src/images/portfolio/disney-growth/disney+-signup-DE-step_5.png (transform)
[11ty/eleventy-img] Processing ./src/images/portfolio/disney-growth/disney+-signup-AR-step_4.png (transform)
[11ty/eleventy-img] Processing ./src/images/portfolio/disney-growth/premier-access-Modal.jpg (transform)
[11ty/eleventy-img] Processing ./src/images/portfolio/disney-growth/premier-access-purchase.jpg (transform)
[11ty/eleventy-img] Processing ./src/images/portfolio/disney-growth/premier-access-ledger.png (transform)
[11ty/eleventy-img] Processing ./src/images/portfolio/disney-growth/plan-picker-test-1.jpg (transform)
[11ty/eleventy-img] Processing ./src/images/portfolio/disney-growth/plan-picker-test-2.jpg (transform)
[11ty/eleventy-img] Processing ./src/images/portfolio/disney-growth/plan-picker-test-3.jpg (transform)
[11ty/eleventy-img] Processing ./src/images/portfolio/disney-growth/plan-picker-test-4.jpg (transform)
[11ty/eleventy-img] Processing ./src/images/portfolio/disney-growth/plan-picker-test-5.jpg (transform)
[11ty/eleventy-img] Processing ./src/images/portfolio/disney-growth/plan-picker-test-slide.001.jpeg (transform)
[11ty/eleventy-img] Processing ./src/images/portfolio/disney-growth/workshop-pictogram.jpg (transform)
[11ty/eleventy-img] Processing ./src/images/portfolio/disney-growth/workshop-agenda.jpg (transform)
[11ty/eleventy-img] Processing ./src/images/portfolio/disney-growth/bundle-workshop-wireframes.jpg (transform)
[11ty/eleventy-img] Processing ./src/images/portfolio/disney-growth/growth-stats.svg (transform)
[11ty/eleventy-img] Processing ./src/images/portfolio/eurosport/eurosport-product-lineup-2x1.jpg (transform)
[11ty/eleventy-img] Processing ./src/images/portfolio/eurosport/eurosport-4.png (transform)
[11ty/eleventy-img] Processing ./src/images/portfolio/eurosport/eurosport-5.png (transform)
[11ty/eleventy-img] Processing ./src/images/portfolio/eurosport/eurosport-6.png (transform)
[11ty/eleventy-img] Processing ./src/images/portfolio/eurosport/eurosport-7.png (transform)
[11ty/eleventy-img] Processing ./src/images/portfolio/eurosport/eurosport-2.png (transform)
[11ty/eleventy-img] Processing ./src/images/portfolio/eurosport/eurosport-8.png (transform)
[11ty/eleventy-img] Processing ./src/images/portfolio/eurosport/eurosport-9.png (transform)
[11ty/eleventy-img] Processing ./src/images/portfolio/disney-groupwatch/disney-groupwatch-cover.jpg (transform)
[11ty/eleventy-img] Processing ./src/images/portfolio/doublediamond-discover.png (transform)
[11ty/eleventy-img] Processing ./src/images/portfolio/disney-groupwatch/wewatch-interview-participants-5x2.jpg (transform)
[11ty/eleventy-img] Processing ./src/images/portfolio/disney-groupwatch/groupwatch-patent.jpg (transform)
[11ty/eleventy-img] Processing ./src/images/portfolio/disney-groupwatch/groupwatch-workshop.jpg (transform)
[11ty/eleventy-img] Processing ./src/images/portfolio/doublediamond-define.png (transform)
[11ty/eleventy-img] Processing ./src/images/portfolio/disney-groupwatch/groupwatch-visiontype-mocks.png (transform)
[11ty/eleventy-img] Processing ./src/images/portfolio/disney-groupwatch/groupwatch-research-frame1.jpg (transform)
[11ty/eleventy-img] Processing ./src/images/portfolio/disney-groupwatch/groupwatch-research-frame2.jpg (transform)
[11ty/eleventy-img] Processing ./src/images/portfolio/disney-groupwatch/groupwatch-research-frame3.jpg (transform)
[11ty/eleventy-img] Processing ./src/images/portfolio/disney-groupwatch/groupwatch-research-frame4.jpg (transform)
[11ty/eleventy-img] Processing ./src/images/portfolio/doublediamond-develop.png (transform)
[11ty/eleventy-img] Processing ./src/images/portfolio/disney-groupwatch/groupwatch-ixd.jpg (transform)
[11ty] Writing ./www/portfolio/disney-growth-long/index.html from ./src/projects/disney-growth-long.md (liquid)
[11ty/eleventy-img] Processing ./src/images/portfolio/disney-groupwatch/groupwatch-invite-v1.png (transform)
[11ty] Writing ./www/portfolio/eurosport/index.html from ./src/projects/eurosport.md (liquid)
[11ty/eleventy-img] Processing ./src/images/portfolio/disney-groupwatch/groupwatch-invite-v2.png (transform)
[11ty/eleventy-img] Processing ./src/images/portfolio/disney-groupwatch/disney-groupwatch-devices.png (transform)
[11ty/eleventy-img] Processing ./src/images/portfolio/disney-groupwatch/groupwatch-visual-v1.jpg (transform)
[11ty/eleventy-img] Processing ./src/images/portfolio/disney-groupwatch/groupwatch-visual-v2.jpg (transform)
[11ty/eleventy-img] Processing ./src/images/portfolio/disney-groupwatch/groupwatch-visual-v3.jpg (transform)
[11ty/eleventy-img] Processing ./src/images/portfolio/disney-groupwatch/groupwatch-visual-v4.jpg (transform)
[11ty/eleventy-img] Processing ./src/images/portfolio/disney-groupwatch/groupwatch-reactions-ideation.png (transform)
[11ty/eleventy-img] Processing ./src/images/portfolio/disney-groupwatch/groupwatch-reactions-final.png (transform)
[11ty/eleventy-img] Processing ./src/images/portfolio/doublediamond-deliver.png (transform)
[11ty/eleventy-img] Processing ./src/images/portfolio/disney-groupwatch/groupwatch-tv-desired.jpg (transform)
[11ty/eleventy-img] Processing ./src/images/portfolio/disney-groupwatch/groupwatch-tv-actual.jpg (transform)
[11ty/eleventy-img] Processing ./src/images/portfolio/disney-groupwatch/groupwatch-marketing.png (transform)
[11ty/eleventy-img] Processing ./src/images/portfolio/disney-groupwatch/Press.png (transform)
[11ty/eleventy-img] Processing ./src/images/portfolio/disney-groupwatch/Social.png (transform)
[11ty/eleventy-img] Processing ./src/images/portfolio/disney-groupwatch/groupwatch-metrics.png (transform)
[11ty/eleventy-img] Processing ./src/images/blog/key-cylinder-wards.png (transform)
[11ty/eleventy-img] Processing ./src/images/blog/key-warding-notches.png (transform)
[11ty/eleventy-img] Processing ./src/images/blog/key-biting-wards.png (transform)
[11ty/eleventy-img] Processing ./src/images/blog/designer-skill-profile-UI.png (transform)
[11ty/eleventy-img] Processing ./src/images/blog/designer-skill-profile-UX.png (transform)
[11ty/eleventy-img] Processing ./src/images/blog/designer-skill-profile-systems.png (transform)
[11ty/eleventy-img] Processing ./src/images/blog/designer-skill-profile-generalist.png (transform)
[11ty/eleventy-img] Processing ./src/images/blog/designer-skill-profile-team.png (transform)
[11ty/eleventy-img] Processing ./src/images/blog/the-a-team.webp (transform)
[11ty/eleventy-img] Processing ./src/images/portfolio/disney-growth/product-operating-model.png (transform)
[11ty/eleventy-img] Processing ./src/images/portfolio/disney-growth/ceremony-cadence.svg (transform)
[11ty/eleventy-img] Processing ./src/images/portfolio/disney-growth/tv-controllers.png (transform)
[11ty/eleventy-img] Processing ./src/images/portfolio/disney-growth/tv-reference-signup-1.png (transform)
[11ty/eleventy-img] Processing ./src/images/portfolio/disney-growth/tv-reference-signup-2.png (transform)
[11ty] Writing ./www/portfolio/disney-groupwatch/index.html from ./src/projects/disney-groupwatch.md (liquid)
[11ty/eleventy-img] Processing ./src/images/portfolio/disney-growth/tv-reference-signup-3.png (transform)
[11ty/eleventy-img] Processing ./src/images/portfolio/disney-growth/tv-reference-signup-4.png (transform)
[11ty/eleventy-img] Processing ./src/images/portfolio/disney-growth/tv-reference-signup-5.png (transform)
[11ty/eleventy-img] Processing ./src/images/portfolio/disney-growth/tv-signup-vision-1.png (transform)
[11ty/eleventy-img] Processing ./src/images/portfolio/disney-growth/tv-signup-vision-2.png (transform)
[11ty/eleventy-img] Processing ./src/images/portfolio/disney-growth/tv-signup-vision-3.png (transform)
[11ty/eleventy-img] Processing ./src/images/portfolio/disney-growth/tv-signup-vision-4.png (transform)
[11ty/eleventy-img] Processing ./src/images/portfolio/disney-growth/tv-signup-vision-5.png (transform)
[11ty/eleventy-img] Processing ./src/images/portfolio/disney-growth/tv-signup-vision-6.png (transform)
[11ty] Writing ./www/blog/job-market-2025/index.html from ./src/posts/job-market-2025.md (liquid)
[11ty/eleventy-img] Processing ./src/images/portfolio/disney-growth/tv-signup-vision-7.png (transform)
[11ty/eleventy-img] Processing ./src/images/portfolio/disney-growth/tv-off-device-research-4x1.jpg (transform)
[11ty/eleventy-img] Processing ./src/images/portfolio/disney-growth/disney-redemption-flow.png (transform)
[11ty/eleventy-img] Processing ./src/images/portfolio/disney-growth/b2b2c-canal-offer.png (transform)
[11ty/eleventy-img] Processing ./src/images/portfolio/disney-growth/b2b2c-choose-plan.png (transform)
[11ty/eleventy-img] Processing ./src/images/portfolio/disney-growth/b2b2c-account.png (transform)
[11ty/eleventy-img] Processing ./src/images/portfolio/disney-growth/b2b2c-password.png (transform)
[11ty/eleventy-img] Processing ./src/images/portfolio/disney-growth/b2b2c-canal-terms.png (transform)
[11ty/eleventy-img] Processing ./src/images/portfolio/disney-growth/b2b2c-canal-success.png (transform)
[11ty/eleventy-img] Processing ./src/images/about/puzzle.svg (transform)
[11ty/eleventy-img] Processing ./src/images/about/puzzle-culture.svg (transform)
[11ty/eleventy-img] Processing ./src/images/about/puzzle-craft.svg (transform)
[11ty/eleventy-img] Processing ./src/images/about/puzzle-commerce.svg (transform)
[11ty/eleventy-img] Processing ./src/images/blog/inconceivable.jpg (transform)
[11ty/eleventy-img] Processing ./src/images/blog/feedback-constant.png (transform)
[11ty/eleventy-img] Processing ./src/images/blog/feedback-delayed.png (transform)
[11ty/eleventy-img] Processing ./src/images/blog/firstbenz-jpggettyimages-905504772.jpg (transform)
[11ty/eleventy-img] Processing ./src/images/blog/bike-tour-2023-route-v1.jpg (transform)
[11ty/eleventy-img] Processing ./src/images/blog/bike-tour-2023-route-v2.jpg (transform)
[11ty/eleventy-img] Processing ./src/images/blog/bike-tour-bike.jpg (transform)
[11ty/eleventy-img] Processing ./src/images/blog/bike-tour-gear.jpg (transform)
[11ty/eleventy-img] Processing ./src/images/blog/vt-tour/IMG_1514.JPG (transform)
[11ty/eleventy-img] Processing ./src/images/blog/vt-tour/IMG_1847.JPG (transform)
[11ty] Writing ./www/portfolio/disney-growth/index.html from ./src/projects/disney-growth.md (liquid)
[11ty/eleventy-img] Processing ./src/images/blog/vt-tour/IMG_1808.JPG (transform)
[11ty/eleventy-img] Processing ./src/images/blog/vt-tour/IMG_1906.JPG (transform)
[11ty/eleventy-img] Processing ./src/images/blog/vt-tour/IMG_1794.JPG (transform)
[11ty/eleventy-img] Processing ./src/images/blog/vt-tour/IMG_1867.JPG (transform)
[11ty] Writing ./www/blog/triple-c-framework/index.html from ./src/posts/triple-c-framework.md (liquid)
[11ty/eleventy-img] Processing ./src/images/blog/vt-tour/IMG_1706.JPG (transform)
[11ty] Writing ./www/blog/design-leadership/index.html from ./src/posts/design-leadership.md (liquid)
[11ty/eleventy-img] Processing ./src/images/blog/vt-tour/IMG_1762.JPG (transform)
[11ty/eleventy-img] Processing ./src/images/blog/vt-tour/IMG_1612.JPG (transform)
[11ty] Writing ./www/blog/a-little-feedback-often/index.html from ./src/posts/a-little-feedback-often.md (liquid)
[11ty/eleventy-img] Processing ./src/images/blog/vt-tour/IMG_1731.JPG (transform)
[11ty] Writing ./www/blog/read-history/index.html from ./src/posts/read-history.md (liquid)
[11ty/eleventy-img] Processing ./src/images/blog/vt-tour/IMG_1753.JPG (transform)
[11ty/eleventy-img] Processing ./src/images/blog/vt-tour/IMG_1724.JPG (transform)
[11ty/eleventy-img] Processing ./src/images/blog/vt-tour/IMG_1711.JPG (transform)
[11ty/eleventy-img] Processing ./src/images/blog/vt-tour/IMG_1698.JPG (transform)
[11ty/eleventy-img] Processing ./src/images/blog/vt-tour/IMG_1544.JPG (transform)
[11ty/eleventy-img] Processing ./src/images/blog/vt-tour/IMG_1525.JPG (transform)
[11ty/eleventy-img] Processing ./src/images/blog/vt-tour/IMG_1657.JPG (transform)
[11ty/eleventy-img] Processing ./src/images/blog/vt-tour/IMG_1566.JPG (transform)
[11ty/eleventy-img] Processing ./src/images/blog/vt-tour/IMG_1509.JPG (transform)
[11ty/eleventy-img] Processing ./src/images/blog/vt-tour/IMG_1455.JPG (transform)
[11ty/eleventy-img] Processing ./src/images/blog/vt-tour/IMG_1393.JPG (transform)
[11ty/eleventy-img] Processing ./src/images/blog/vt-tour/IMG_1431.JPG (transform)
[11ty/eleventy-img] Processing ./src/images/blog/vt-tour/IMG_1437.JPG (transform)
[11ty/eleventy-img] Processing ./src/images/blog/vt-tour/IMG_1333.JPG (transform)
[11ty/eleventy-img] Processing ./src/images/blog/vt-tour/IMG_1322.JPG (transform)
[11ty/eleventy-img] Processing ./src/images/blog/vt-tour/IMG_1499.JPG (transform)
[11ty/eleventy-img] Processing ./src/images/blog/vt-tour/IMG_1440.JPG (transform)
[11ty/eleventy-img] Processing ./src/images/blog/vt-tour/IMG_1377.JPG (transform)
[11ty/eleventy-img] Processing ./src/images/blog/vt-tour/IMG_1343.JPG (transform)
[11ty/eleventy-img] Processing ./src/images/blog/pyramid-cover.png (transform)
[11ty/eleventy-img] Processing ./src/images/blog/pyramid-diagram.png (transform)
[11ty/eleventy-img] Processing ./src/images/blog/leadership-nature.jpg (transform)
[11ty/eleventy-img] Processing ./src/images/blog/gapco-potomac-preview.png (transform)
[11ty/eleventy-img] Processing ./src/images/blog/gapco-penn-station.JPG (transform)
[11ty/eleventy-img] Processing ./src/images/blog/gapco-big-bend.JPG (transform)
[11ty/eleventy-img] Processing ./src/images/blog/gapco-autumn.JPG (transform)
[11ty/eleventy-img] Processing ./src/images/blog/gapco-steel-city.JPG (transform)
[11ty/eleventy-img] Processing ./src/images/blog/gapco-industrial-zone.JPG (transform)
[11ty/eleventy-img] Processing ./src/images/blog/gapco-rig.JPG (transform)
[11ty/eleventy-img] Processing ./src/images/blog/gapco-single-track.JPG (transform)
[11ty/eleventy-img] Processing ./src/images/blog/gapco-morning-whiteout.JPG (transform)
[11ty/eleventy-img] Processing ./src/images/blog/gapco-tunnel-short.JPG (transform)
[11ty/eleventy-img] Processing ./src/images/blog/gapco-morning-mist.JPG (transform)
[11ty] Writing ./www/blog/bike-tour-2023/index.html from ./src/posts/bike-tour-2023.md (liquid)
[11ty/eleventy-img] Processing ./src/images/blog/gapco-path-bridge.jpeg (transform)
[11ty/eleventy-img] Processing ./src/images/blog/gapco-panorama.jpeg (transform)
[11ty] Writing ./www/blog/designers-hierarchy-of-needs/index.html from ./src/posts/designers-hierarchy-of-needs.md (liquid)
[11ty/eleventy-img] Processing ./src/images/blog/gapco-masondixon.JPG (transform)
[11ty] Writing ./www/blog/leadership-in-nature/index.html from ./src/posts/leadership-in-nature.md (liquid)
[11ty/eleventy-img] Processing ./src/images/blog/gapco-antietam.JPG (transform)
[11ty/eleventy-img] Processing ./src/images/blog/gapco-selfie-lock.JPG (transform)
[11ty/eleventy-img] Processing ./src/images/blog/gapco-great-falls.JPG (transform)
[11ty/eleventy-img] Processing ./src/images/blog/gapco-japanese-garden.JPG (transform)
[11ty/eleventy-img] Processing ./src/images/blog/gapco-capitol.JPG (transform)
[11ty/eleventy-img] Processing ./src/images/blog/gapco-lincoln-sunset.JPG (transform)
[11ty/eleventy-img] Processing ./src/images/blog/girl-turntable.jpg (transform)
[11ty/eleventy-img] Processing ./src/images/blog/justice.jpeg (transform)
[11ty/eleventy-img] Processing ./src/images/blog/solar-system.jpg (transform)
[11ty/eleventy-img] Processing ./src/images/blog/winter-olympics.jpg (transform)
[11ty/eleventy-img] Processing ./src/images/blog/mobius.png (transform)
[11ty/eleventy-img] Processing ./src/images/blog/blacklightning-1990.jpg (transform)
[11ty/eleventy-img] Processing ./src/images/blog/cannondale-caad-optimo-105.webp (transform)
[11ty/eleventy-img] Processing ./src/images/blog/reduce-reuse-recycle.png (transform)
[11ty/eleventy-img] Processing ./src/images/blog/newton.png (transform)
[11ty/eleventy-img] Processing ./src/images/portfolio/fusion-family-feast.jpeg (transform)
[11ty/eleventy-img] Processing ./src/images/portfolio/disney-growth/disney-growth-thumb.jpg (transform)
[11ty/eleventy-img] Processing ./src/images/portfolio/disney-groupwatch/disney-groupwatch-devices.png (transform)
[11ty/eleventy-img] Processing ./src/images/portfolio/disney-enterprise/genie-offers.jpg (transform)
[11ty/eleventy-img] Processing ./src/images/portfolio/disney-enterprise/cypher-dictionary.png (transform)
[11ty] Writing ./www/blog/bike-tour-2024/index.html from ./src/posts/bike-tour-2024.md (liquid)
[11ty/eleventy-img] Processing ./src/images/portfolio/disney-enterprise/maestro.png (transform)
[11ty] Writing ./www/blog/intentional-consumption/index.html from ./src/posts/intentional-consumption.md (liquid)
[11ty/eleventy-img] Processing ./src/images/portfolio/disney-enterprise/weaponx.png (transform)
[11ty] Writing ./www/blog/our-judicial-system-is-the-worst/index.html from ./src/posts/our-judicial-system-is-the-worst.md (liquid)
[11ty/eleventy-img] Processing ./src/images/portfolio/disney-enterprise/optumus-session.png (transform)
[11ty] Writing ./www/blog/good-people-management-is-invisible/index.html from ./src/posts/good-people-management-is-invisible.md (liquid)
[11ty/eleventy-img] Processing ./src/images/portfolio/disney-enterprise/baymax.png (transform)
[11ty] Writing ./www/blog/olympics-danger-being-a-good-neighbor/index.html from ./src/posts/olympics-danger-being-a-good-neighbor.md (liquid)
[11ty/eleventy-img] Processing ./src/images/blog/pan-chocolat-lineup.jpeg (transform)
[11ty] Writing ./www/blog/design-is-never-done/index.html from ./src/posts/design-is-never-done.md (liquid)
[11ty/eleventy-img] Processing ./src/images/blog/pan-choclat-bakeri.jpeg (transform)
[11ty/eleventy-img] Processing ./src/images/blog/pan-choclat-charlotte.jpeg (transform)
[11ty/eleventy-img] Processing ./src/images/blog/pan-choclat-nicksons.jpeg (transform)
[11ty] Writing ./www/blog/design-for-durability/index.html from ./src/posts/design-for-durability.md (liquid)
[11ty/eleventy-img] Processing ./src/images/blog/pan-choclat-panpan.jpeg (transform)
[11ty] Writing ./www/blog/newtons-laws-of-design/index.html from ./src/posts/newtons-laws-of-design.md (liquid)
[11ty/eleventy-img] Processing ./src/images/blog/pan-choclat-radio.jpeg (transform)
[11ty] Writing ./www/portfolio/fusion-family-feast/index.html from ./src/projects/fusion-family-feast.md (liquid)
[11ty/eleventy-img] Processing ./src/images/portfolio/espn/espn-masthead-16x9.jpg (transform)
[11ty/eleventy-img] Processing ./src/images/portfolio/espn/espn-masthead-2x1.jpg (transform)
[11ty/eleventy-img] Processing ./src/images/portfolio/prototyping-talk/bamtech-prototyping-masthead.jpg (transform)
[11ty/eleventy-img] Processing ./src/images/blog/nyc-cycling.jpg (transform)
[11ty/eleventy-img] Processing ./src/images/blog/World_Cup_2014_06.jpeg (transform)
[11ty/eleventy-img] Processing ./src/images/blog/bg-dades-valley.jpg (transform)
[11ty/eleventy-img] Processing ./src/images/portfolio/btr/btr-hosttools-teaser-2x1.jpg (transform)
[11ty/eleventy-img] Processing ./src/images/portfolio/btr/btr-customer-experience-map-hosts.png (transform)
[11ty] Writing ./www/portfolio/disney/index.html from ./src/projects/disney.md (liquid)
[11ty/eleventy-img] Processing ./src/images/portfolio/btr/btr-episode-experience-map.png (transform)
[11ty/eleventy-img] Processing ./src/images/portfolio/btr/btr-studio-live.png (transform)
[11ty/eleventy-img] Processing ./src/images/portfolio/btr/btr-studio-pre-show.png (transform)
[11ty/eleventy-img] Processing ./src/images/portfolio/btr/btr-studio-ad-break.png (transform)
[11ty/eleventy-img] Processing ./src/images/portfolio/btr/btr-studio-imac.png (transform)
[11ty/eleventy-img] Processing ./src/images/portfolio/btr/btr-ad-editor.png (transform)
[11ty] Writing ./www/blog/greenpoint-pan-chocolat-2025/index.html from ./src/posts/greenpoint-pan-chocolat-2025.md (liquid)
[11ty/eleventy-img] Processing ./src/images/portfolio/btr/btr-stats-home.png (transform)
[11ty/eleventy-img] Processing ./src/images/portfolio/btr/btr-stats-episode.png (transform)
[11ty] Writing ./www/portfolio/espnplus/index.html from ./src/projects/espnplus.md (liquid)
[11ty/eleventy-img] Processing ./src/images/portfolio/btr/btr-dashboard-laptop.png (transform)
[11ty] Writing ./www/portfolio/design-prototyping-201/index.html from ./src/projects/design-prototyping-201.md (liquid)
[11ty/eleventy-img] Processing ./src/images/portfolio/btr/btr-CRUD-edit-info.png (transform)
[11ty] Writing ./www/blog/londoner-guide-to-NYC-cycling/index.html from ./src/posts/londoner-guide-to-NYC-cycling.md (liquid)
[11ty/eleventy-img] Processing ./src/images/portfolio/btr/btr-CRUD-create.png (transform)
[11ty] Writing ./www/blog/soccer-i-love-to-hate-you/index.html from ./src/posts/soccer-i-love-to-hate-you.md (liquid)
[11ty/eleventy-img] Processing ./src/images/portfolio/btr/btr-CRUD-edit-advanced.png (transform)
[11ty] Writing ./www/blog/travel-made-me-a-better-designer/index.html from ./src/posts/travel-made-me-a-better-designer.md (liquid)
[11ty/eleventy-img] Processing ./src/images/portfolio/btr/btr-episodes-list.png (transform)
[11ty/eleventy-img] Processing ./src/images/portfolio/btr/btr-episodes-list-select.png (transform)
[11ty/eleventy-img] Processing ./src/images/portfolio/btr/btr-episodes-list-transcript.png (transform)
[11ty/eleventy-img] Processing ./src/images/portfolio/btr/btr-host-artwork.png (transform)
[11ty/eleventy-img] Processing ./src/images/portfolio/btr/btr-homepage.jpg (transform)
[11ty/eleventy-img] Processing ./src/images/portfolio/nhl/nhl-devices@2x.png (transform)
[11ty/eleventy-img] Processing ./src/images/portfolio/nhl/nhl-tv-tvos-highlights.png (transform)
[11ty/eleventy-img] Processing ./src/images/portfolio/nhl/nhl-tv-tvos-scores.png (transform)
[11ty/eleventy-img] Processing ./src/images/portfolio/nhl/nhl-tv-tvos-player_info.png (transform)
[11ty/eleventy-img] Processing ./src/images/portfolio/nhl/nhl-tv-tvos-favorites.png (transform)
[11ty/eleventy-img] Processing ./src/images/portfolio/nhl/bug-ps4-timestamp-playhead.png (transform)
[11ty/eleventy-img] Processing ./src/images/portfolio/nhl/nhl-tv-tvos-player.png (transform)
[11ty/eleventy-img] Processing ./src/images/portfolio/nhl/nhl-aroundtheleague-shelf.jpg (transform)
[11ty/eleventy-img] Processing ./src/images/portfolio/nhl/nhl-aroundtheleague-pip.jpg (transform)
[11ty/eleventy-img] Processing ./src/images/portfolio/nhl/nhl-mobile-video-before.png (transform)
[11ty/eleventy-img] Processing ./src/images/portfolio/nhl/nhl-mobile-video-after.png (transform)
[11ty/eleventy-img] Processing ./src/images/portfolio/nhl/gameflow_01.png (transform)
[11ty/eleventy-img] Processing ./src/images/portfolio/nhl/gameflow_03.png (transform)
[11ty/eleventy-img] Processing ./src/images/portfolio/nhl/gameflow_02.png (transform)
[11ty] Writing ./www/portfolio/blogtalkradio/index.html from ./src/projects/blogtalkradio.md (liquid)
[11ty/eleventy-img] Processing ./src/images/portfolio/nhl/gameflow_05.png (transform)
[11ty/eleventy-img] Processing ./src/images/portfolio/nhl/gameflow_04.png (transform)
[11ty/eleventy-img] Processing ./src/images/portfolio/nhl/gameflow_06.png (transform)
[11ty/eleventy-img] Processing ./src/images/portfolio/nhl/nhl-gameflow.png (transform)
[11ty/eleventy-img] Processing ./src/images/portfolio/rhythmism/rhythmism_teaser.jpg (transform)
[11ty/eleventy-img] Processing ./src/images/portfolio/rhythmism/rhythmism-ui.jpg (transform)
[11ty/eleventy-img] Processing ./src/images/portfolio/rhythmism/rhythmism-homepage.png (transform)
[11ty/eleventy-img] Processing ./src/images/portfolio/rhythmism/rhythmism-sketch.png (transform)
[11ty/eleventy-img] Processing ./src/images/portfolio/rhythmism/rhythmism-flow-mobilism.png (transform)
[11ty] Writing ./www/portfolio/nhltv/index.html from ./src/projects/nhltv.md (liquid)
[11ty/eleventy-img] Processing ./src/images/portfolio/rhythmism/rhythmism_wtb_600x300.jpg (transform)
[11ty/eleventy-img] Processing ./src/images/portfolio/rhythmism/rhythmism-wireframe.gif (transform)
[11ty/eleventy-img] Processing ./src/images/portfolio/espn/espn-masthead-2x1.jpg (transform)
[11ty/eleventy-img] Processing ./src/images/portfolio/espn/espn-ppv-1.png (transform)
[11ty/eleventy-img] Processing ./src/images/portfolio/espn/espn-ppv-2.png (transform)
[11ty/eleventy-img] Processing ./src/images/portfolio/espn/espn-ppv-3.png (transform)
[11ty/eleventy-img] Processing ./src/images/portfolio/espn/espn-ppv-3a.png (transform)
[11ty/eleventy-img] Processing ./src/images/portfolio/espn/espn-ppv-4.png (transform)
[11ty] Writing ./www/portfolio/nhl/index.html from ./src/projects/nhl.md (liquid)
[11ty/eleventy-img] Processing ./src/images/portfolio/espn/espn-ppv-3b.png (transform)
[11ty] Writing ./www/portfolio/nhlgameflow/index.html from ./src/projects/nhlgameflow.md (liquid)
[11ty/eleventy-img] Processing ./src/images/portfolio/espn/espn-ppv-3c.png (transform)
[11ty/eleventy-img] Processing ./src/images/portfolio/terremoto-screenshots/espn+_01.png (transform)
[11ty/eleventy-img] Processing ./src/images/portfolio/terremoto-screenshots/espn+_09.png (transform)
[11ty/eleventy-img] Processing ./src/images/portfolio/terremoto-screenshots/espn+_02.png (transform)
[11ty/eleventy-img] Processing ./src/images/portfolio/terremoto-screenshots/espn+_07.png (transform)
[11ty/eleventy-img] Processing ./src/images/portfolio/terremoto-screenshots/espn+_06.png (transform)
[11ty/eleventy-img] Processing ./src/images/portfolio/terremoto-screenshots/espn+_10.png (transform)
[11ty] Writing ./www/portfolio/rhythmism/index.html from ./src/projects/rhythmism.md (liquid)
[11ty/eleventy-img] Processing ./src/images/portfolio/espn/starplus-1.png (transform)
[11ty/eleventy-img] Processing ./src/images/portfolio/espn/starplus-3.png (transform)
[11ty/eleventy-img] Processing ./src/images/portfolio/espn/starplus-4.png (transform)
[11ty/eleventy-img] Processing ./src/images/portfolio/espn/starplus-2.png (transform)
[11ty/eleventy-img] Processing ./src/images/portfolio/espn/comboplus.png (transform)
[11ty/eleventy-img] Processing ./src/images/portfolio/espn/comboplus-signup-success.png (transform)
[11ty/eleventy-img] Processing ./src/images/portfolio/espn/starplus-5.png (transform)
[11ty/eleventy-img] Processing ./src/images/portfolio/espn/starplus.jpeg (transform)
[11ty/eleventy-img] Processing ./src/images/portfolio/espn/starplus-6.png (transform)
[11ty/eleventy-img] Processing ./src/images/portfolio/steelgills/steelgills-teaser.jpg (transform)
[11ty/eleventy-img] Processing ./src/images/portfolio/pal-9100/PAL9100-desktop.jpg (transform)
[11ty/eleventy-img] Processing ./src/images/portfolio/pal-9100/PAL9100-default.png (transform)
[11ty/eleventy-img] Processing ./src/images/portfolio/pal-9100/PAL9100-active.png (transform)
[11ty/eleventy-img] Processing ./src/images/portfolio/security-teaser.jpg (transform)
[11ty/eleventy-img] Processing ./src/images/portfolio/ssc-brandattributes.jpg (transform)
[11ty/eleventy-img] Processing ./src/images/portfolio/ssc-brand-aspirations.jpg (transform)
[11ty/eleventy-img] Processing ./src/images/portfolio/ssc-styletile-v1-16x9.png (transform)
[11ty/eleventy-img] Processing ./src/images/portfolio/ssc-style-v1-insurance-report.png (transform)
[11ty/eleventy-img] Processing ./src/images/portfolio/security-threatreport.jpg (transform)
[11ty/eleventy-img] Processing ./src/images/portfolio/workshop-plan-doc.png (transform)
[11ty/eleventy-img] Processing ./src/images/portfolio/culture-workshop/EXD-workshop-trading-cards.jpg (transform)
[11ty/eleventy-img] Processing ./src/images/portfolio/culture-workshop/EXD-workshop-voting.jpg (transform)
[11ty/eleventy-img] Processing ./src/images/portfolio/culture-workshop/EXD-workshop-headsdown.jpg (transform)
[11ty] Writing ./www/portfolio/espn/index.html from ./src/projects/espn.md (liquid)
[11ty/eleventy-img] Processing ./src/images/portfolio/culture-workshop/EXD-workshop-values.jpg (transform)
[11ty] Writing ./www/portfolio/steelgills/index.html from ./src/projects/steelgills.md (liquid)
[11ty/eleventy-img] Processing ./src/images/portfolio/culture-workshop/EXD-workshop-elevator.jpg (transform)
[11ty/eleventy-img] Processing ./src/images/portfolio/terremoto-screenshots/espn+_01.png (transform)
[11ty/eleventy-img] Processing ./src/images/portfolio/terremoto-screenshots/espn+_09.png (transform)
[11ty] Writing ./www/portfolio/pal-9100/index.html from ./src/projects/pal-9100.md (liquid)
[11ty/eleventy-img] Processing ./src/images/portfolio/terremoto-screenshots/espn+_02.png (transform)
[11ty/eleventy-img] Processing ./src/images/portfolio/terremoto-screenshots/espn+_07.png (transform)
[11ty/eleventy-img] Processing ./src/images/portfolio/terremoto-screenshots/espn+_06.png (transform)
[11ty/eleventy-img] Processing ./src/images/portfolio/terremoto-screenshots/espn+_10.png (transform)
[11ty/eleventy-img] Processing ./src/images/portfolio/flint-and-silicon-masthead.jpg (transform)
[11ty] Writing ./www/portfolio/securityscorecard/index.html from ./src/projects/securityscorecard.md (liquid)
[11ty] Writing ./www/portfolio/team-charter-workshop/index.html from ./src/projects/team-charter-workshop.md (liquid)
[11ty] Writing ./www/portfolio/espnvision/index.html from ./src/projects/espnvision.md (liquid)
[11ty] Writing ./www/portfolio/flint-and-silicon/index.html from ./src/projects/flint-and-silicon.md (liquid)
[11ty] Writing ./www/tags/momentum/index.html from ./src/tags.md (liquid)
[11ty/eleventy-img] Processing ./src/images/blog/blacklightning-1990.jpg (transform)
[11ty/eleventy-img] Processing ./src/images/portfolio/flint-and-silicon-thumb.jpg (transform)
[11ty/eleventy-img] Processing ./src/images/blog/solar-system.jpg (transform)
[11ty/eleventy-img] Processing ./src/images/blog/bg-dades-valley.jpg (transform)
[11ty/eleventy-img] Processing ./src/images/portfolio/prototyping-talk/bamtech-prototyping-thumb.jpg (transform)
[11ty/eleventy-img] Processing ./src/images/blog/mobius.png (transform)
[11ty/eleventy-img] Processing ./src/images/blog/newton.png (transform)
[11ty] Writing ./www/tags/design/index.html from ./src/tags.md (liquid)
[11ty/eleventy-img] Processing ./src/images/blog/mobius.png (transform)
[11ty] Writing ./www/tags/process/index.html from ./src/tags.md (liquid)
[11ty] Writing ./www/tags/feedback/index.html from ./src/tags.md (liquid)
[11ty] Writing ./www/tags/data/index.html from ./src/tags.md (liquid)
[11ty] Writing ./www/tags/evidence/index.html from ./src/tags.md (liquid)
[11ty] Writing ./www/tags/research/index.html from ./src/tags.md (liquid)
[11ty/eleventy-img] Processing ./src/images/blog/gapco-continental-divide.JPG (transform)
[11ty/eleventy-img] Processing ./src/images/blog/vt-tour.jpg (transform)
[11ty/eleventy-img] Processing ./src/images/blog/blacklightning-1990.jpg (transform)
[11ty/eleventy-img] Processing ./src/images/blog/nyc-cycling.jpg (transform)
[11ty] Writing ./www/tags/cycling/index.html from ./src/tags.md (liquid)
[11ty/eleventy-img] Processing ./src/images/blog/gapco-continental-divide.JPG (transform)
[11ty/eleventy-img] Processing ./src/images/blog/vt-tour.jpg (transform)
[11ty/eleventy-img] Processing ./src/images/blog/bg-dades-valley.jpg (transform)
[11ty] Writing ./www/tags/travel/index.html from ./src/tags.md (liquid)
[11ty/eleventy-img] Processing ./src/images/blog/vt-tour.jpg (transform)
[11ty] Writing ./www/tags/focus/index.html from ./src/tags.md (liquid)
[11ty/eleventy-img] Processing ./src/images/blog/gapco-continental-divide.JPG (transform)
[11ty] Writing ./www/tags/bike-touring/index.html from ./src/tags.md (liquid)
[11ty/eleventy-img] Processing ./src/images/blog/gapco-continental-divide.JPG (transform)
[11ty/eleventy-img] Processing ./src/images/blog/vt-tour.jpg (transform)
[11ty] Writing ./www/tags/adventure/index.html from ./src/tags.md (liquid)
[11ty] Writing ./www/tags/enterprise/index.html from ./src/tags.md (liquid)
[11ty/eleventy-img] Processing ./src/images/blog/blacklightning-1990.jpg (transform)
[11ty] Writing ./www/tags/dieterrams/index.html from ./src/tags.md (liquid)
[11ty/eleventy-img] Processing ./src/images/blog/mobius.png (transform)
[11ty] Writing ./www/tags/creativity/index.html from ./src/tags.md (liquid)
[11ty/eleventy-img] Processing ./src/images/blog/mobius.png (transform)
[11ty] Writing ./www/tags/programming/index.html from ./src/tags.md (liquid)
[11ty] Writing ./www/tags/design-strategy/index.html from ./src/tags.md (liquid)
[11ty] Writing ./www/tags/mission/index.html from ./src/tags.md (liquid)
[11ty] Writing ./www/tags/teamwork/index.html from ./src/tags.md (liquid)
[11ty/eleventy-img] Processing ./src/images/portfolio/culture-workshop/culture-workshop.001.jpeg (transform)
[11ty] Writing ./www/tags/culture/index.html from ./src/tags.md (liquid)
[11ty] Writing ./www/tags/career-growth/index.html from ./src/tags.md (liquid)
[11ty/eleventy-img] Processing ./src/images/blog/solar-system.jpg (transform)
[11ty/eleventy-img] Processing ./src/images/portfolio/culture-workshop/culture-workshop.001.jpeg (transform)
[11ty] Writing ./www/tags/leadership/index.html from ./src/tags.md (liquid)
[11ty/eleventy-img] Processing ./src/images/blog/solar-system.jpg (transform)
[11ty] Writing ./www/tags/management/index.html from ./src/tags.md (liquid)
[11ty/eleventy-img] Processing ./src/images/blog/pan-chocolat-lineup.jpeg (transform)
[11ty] Writing ./www/tags/brooklyn/index.html from ./src/tags.md (liquid)
[11ty/eleventy-img] Processing ./src/images/blog/pan-chocolat-lineup.jpeg (transform)
[11ty] Writing ./www/tags/baking/index.html from ./src/tags.md (liquid)
[11ty] Writing ./www/tags/greenpoint/index.html from ./src/tags.md (liquid)
[11ty] Writing ./www/tags/pan-au-chocolat/index.html from ./src/tags.md (liquid)
[11ty] Writing ./www/tags/chocolate-croissant/index.html from ./src/tags.md (liquid)
[11ty/eleventy-img] Processing ./src/images/blog/newton.png (transform)
[11ty] Writing ./www/tags/science/index.html from ./src/tags.md (liquid)
[11ty/eleventy-img] Processing ./src/images/blog/pan-chocolat-lineup.jpeg (transform)
[11ty] Writing ./www/tags/experimentation/index.html from ./src/tags.md (liquid)
[11ty] Writing ./www/tags/ui/index.html from ./src/tags.md (liquid)
[11ty] Writing ./www/tags/usability/index.html from ./src/tags.md (liquid)
[11ty] Writing ./www/tags/capitalism/index.html from ./src/tags.md (liquid)
[11ty] Writing ./www/tags/music/index.html from ./src/tags.md (liquid)
[11ty] Writing ./www/tags/consumption/index.html from ./src/tags.md (liquid)
[11ty] Writing ./www/tags/art/index.html from ./src/tags.md (liquid)
[11ty/eleventy-img] Processing ./src/images/blog/winter-olympics.jpg (transform)
[11ty/eleventy-img] Processing ./src/images/blog/bg-dades-valley.jpg (transform)
[11ty] Writing ./www/tags/growth/index.html from ./src/tags.md (liquid)
[11ty] Writing ./www/tags/hiring/index.html from ./src/tags.md (liquid)
[11ty] Writing ./www/tags/nature/index.html from ./src/tags.md (liquid)
[11ty/eleventy-img] Processing ./src/images/blog/nyc-cycling.jpg (transform)
[11ty] Writing ./www/tags/parody/index.html from ./src/tags.md (liquid)
[11ty/eleventy-img] Processing ./src/images/blog/nyc-cycling.jpg (transform)
[11ty] Writing ./www/tags/new-york/index.html from ./src/tags.md (liquid)
[11ty/eleventy-img] Processing ./src/images/blog/newton.png (transform)
[11ty] Writing ./www/tags/physics/index.html from ./src/tags.md (liquid)
[11ty/eleventy-img] Processing ./src/images/blog/newton.png (transform)
[11ty] Writing ./www/tags/midjourney/index.html from ./src/tags.md (liquid)
[11ty] Writing ./www/tags/ai-art/index.html from ./src/tags.md (liquid)
[11ty/eleventy-img] Processing ./src/images/blog/winter-olympics.jpg (transform)
[11ty] Writing ./www/tags/danger/index.html from ./src/tags.md (liquid)
[11ty/eleventy-img] Processing ./src/images/blog/winter-olympics.jpg (transform)
[11ty] Writing ./www/tags/olympics/index.html from ./src/tags.md (liquid)
[11ty] Writing ./www/tags/ukraine/index.html from ./src/tags.md (liquid)
[11ty] Writing ./www/tags/war/index.html from ./src/tags.md (liquid)
[11ty/eleventy-img] Processing ./src/images/blog/World_Cup_2014_06.jpeg (transform)
[11ty] Writing ./www/tags/sports/index.html from ./src/tags.md (liquid)
[11ty/eleventy-img] Processing ./src/images/blog/justice.jpeg (transform)
[11ty] Writing ./www/tags/law/index.html from ./src/tags.md (liquid)
[11ty/eleventy-img] Processing ./src/images/blog/justice.jpeg (transform)
[11ty] Writing ./www/tags/justice/index.html from ./src/tags.md (liquid)
[11ty] Writing ./www/tags/civics/index.html from ./src/tags.md (liquid)
[11ty/eleventy-img] Processing ./src/images/portfolio/flint-and-silicon-thumb.jpg (transform)
[11ty] Writing ./www/tags/futurism/index.html from ./src/tags.md (liquid)
[11ty/eleventy-img] Processing ./src/images/blog/World_Cup_2014_06.jpeg (transform)
[11ty] Writing ./www/tags/soccer/index.html from ./src/tags.md (liquid)
[11ty/eleventy-img] Processing ./src/images/blog/bg-dades-valley.jpg (transform)
[11ty] Writing ./www/tags/greece/index.html from ./src/tags.md (liquid)
[11ty] Writing ./www/tags/tv/index.html from ./src/tags.md (liquid)
[11ty] Writing ./www/tags/collaboration/index.html from ./src/tags.md (liquid)
[11ty] Writing ./www/tags/vibe-coding/index.html from ./src/tags.md (liquid)
[11ty] Writing ./www/tags/technology/index.html from ./src/tags.md (liquid)
[11ty/eleventy-img] Processing ./src/images/portfolio/fusion-family-feast.jpeg (transform)
[11ty/eleventy-img] Processing ./src/images/portfolio/steelgills/steelgills-thumb.jpg (transform)
[11ty/eleventy-img] Processing ./src/images/portfolio/pal-9100/PAL9100-tablet.jpg (transform)
[11ty/eleventy-img] Processing ./src/images/portfolio/gaia/boids-thumb.png (transform)
[11ty] Writing ./www/tags/personal/index.html from ./src/tags.md (liquid)
[11ty/eleventy-img] Processing ./src/images/portfolio/pal-9100/PAL9100-tablet.jpg (transform)
[11ty/eleventy-img] Processing ./src/images/portfolio/gaia/boids-thumb.png (transform)
[11ty] Writing ./www/tags/tools/index.html from ./src/tags.md (liquid)
[11ty] Writing ./www/tags/performance/index.html from ./src/tags.md (liquid)
[11ty/eleventy-img] Processing ./src/images/portfolio/flint-and-silicon-thumb.jpg (transform)
[11ty] Writing ./www/tags/ui-design/index.html from ./src/tags.md (liquid)
[11ty/eleventy-img] Processing ./src/images/portfolio/pal-9100/PAL9100-tablet.jpg (transform)
[11ty/eleventy-img] Processing ./src/images/portfolio/gaia/boids-thumb.png (transform)
[11ty] Writing ./www/tags/creative-tools/index.html from ./src/tags.md (liquid)
[11ty] Writing ./www/tags/ipad/index.html from ./src/tags.md (liquid)
[11ty/eleventy-img] Processing ./src/images/portfolio/culture-workshop/culture-workshop.001.jpeg (transform)
[11ty/eleventy-img] Processing ./src/images/portfolio/prototyping-talk/bamtech-prototyping-thumb.jpg (transform)
[11ty] Writing ./www/tags/talk/index.html from ./src/tags.md (liquid)
[11ty/eleventy-img] Processing ./src/images/portfolio/prototyping-talk/bamtech-prototyping-thumb.jpg (transform)
[11ty] Writing ./www/tags/prototyping/index.html from ./src/tags.md (liquid)
[11ty] Writing ./www/tags/rapid-prototyping/index.html from ./src/tags.md (liquid)
[11ty] Writing ./www/tags/design-thinking/index.html from ./src/tags.md (liquid)
[11ty/eleventy-img] Processing ./src/images/portfolio/flint-and-silicon-thumb.jpg (transform)
[11ty] Writing ./www/tags/anthropology/index.html from ./src/tags.md (liquid)
[11ty/eleventy-img] Processing ./src/images/portfolio/culture-workshop/culture-workshop.001.jpeg (transform)
[11ty] Writing ./www/tags/workshop/index.html from ./src/tags.md (liquid)
[11ty/eleventy-img] Processing ./src/images/portfolio/disney-growth/disney-growth-thumb.jpg (transform)
[11ty/eleventy-img] Processing ./src/images/portfolio/disney-enterprise/optumus-mockup.jpg (transform)
[11ty/eleventy-img] Processing ./src/images/portfolio/espn/espn-thumbnail-1x1.png (transform)
[11ty/eleventy-img] Processing ./src/images/portfolio/disney-groupwatch/disney-groupwatch-preview.jpg (transform)
[11ty/eleventy-img] Processing ./src/images/portfolio/nhl/nhl-thumbnail.png (transform)
[11ty/eleventy-img] Processing ./src/images/portfolio/btr/btr-hosttools-teaser-2x1.jpg (transform)
[11ty/eleventy-img] Processing ./src/images/portfolio/eurosport/eurosport-thumb-1x1.png (transform)
[11ty] Writing ./www/tags/work/index.html from ./src/tags.md (liquid)
[11ty/eleventy-img] 618 images optimized (618 cached)
[11ty] Benchmark    120ms  11%   158× (Configuration) "htmlmin" Transform
[11ty] Copied 3 Wrote 158 files in 1.06 seconds (6.7ms each, v3.1.2)
[16:21:20] Finished 'buildHTML' after 1.54 s
[16:21:20] Starting 'syncAssets'...
rsync -av src/images/ www/images --exclude='.DS_Store' --include='**/*.mp4' --include='**/**/' --include='**/**/*.mp4' --exclude='blog/*' --exclude='portfolio/*' --exclude='portfolio/**/*'
rsync -av src/assets/fonts/ www/css/fonts --exclude='.DS_Store' --include='**/*.mp4' --include='**/**/' --include='**/**/*.mp4' --exclude='blog/*' --exclude='portfolio/*' --exclude='portfolio/**/*'
[16:21:20] Finished 'syncAssets' after 43 ms
[16:21:20] Starting 'syncBackups'...
Transfer starting: 53 files

sent 2737 bytes  received 20 bytes  889354 bytes/sec
total size is 3618428  speedup is 1312.45


Syncing backup: backup/1999/ -> www/1999
Syncing backup: backup/2000/ -> www/2000
Syncing backup: backup/2001/ -> www/2001
Syncing backup: backup/2002/ -> www/2002
Syncing backup: backup/2015/ -> www/2015
Syncing backup: backup/2022/ -> www/2022
Syncing backup: backup/2023/www/ -> www/2023
Transfer starting: 297 files
icons/

sent 17236 bytes  received 26 bytes  1143178 bytes/sec
total size is 236050772  speedup is 13674.59


✓ Backup synced: backup/1999/ -> www/1999
✓ Backup synced: backup/2000/ -> www/2000
✓ Backup synced: backup/2001/ -> www/2001
✓ Backup synced: backup/2022/ -> www/2022
✓ Backup synced: backup/2015/ -> www/2015
✓ Backup synced: backup/2002/ -> www/2002
✓ Backup synced: backup/2023/www/ -> www/2023
Backup sync complete (errors logged as warnings, build continues)
[16:21:20] Finished 'syncBackups' after 130 ms
[16:21:20] Starting 'cleanUp'...
[16:21:20] Finished 'cleanUp' after 23 ms
[16:21:20] Starting 'checkLinks'...
✓ Link check passed
[16:21:22] Finished 'checkLinks' after 1.66 s
[16:21:22] Finished 'build' after 5.34 s
